----------------------------------------
 Marvellous Automation Script 
----------------------------------------

 Files from the directory are : 

----------------------------------------
Marvellous/Pune/ScheduleDemo3.py : 351 bytes
Marvellous/Pune/ScheduleDemo4.py : 353 bytes
Marvellous/Pune/ScheduleDemo2.py : 256 bytes
Marvellous/Pune/ScheduleDemo1.py : 149 bytes
Marvellous/Pune/while True:.py : 38 bytes
Marvellous/11 july/Procedural.py : 305 bytes
Marvellous/11 july/ExceptionDemo6.py : 650 bytes
Marvellous/11 july/InstanceVariable1.py : 295 bytes
Marvellous/11 july/ExceptionDemo5.py : 385 bytes
Marvellous/11 july/ExceptionDemo1.py : 222 bytes
Marvellous/11 july/ClassDemo2.py : 203 bytes
Marvellous/11 july/ObjectOriented.py : 396 bytes
Marvellous/11 july/ExceptionDemo3.py : 521 bytes
Marvellous/11 july/Scripting.py : 186 bytes
Marvellous/11 july/ExceptionDemo2.py : 418 bytes
Marvellous/11 july/ObjectOrientedDesign.py : 580 bytes
Marvellous/11 july/Functional.py : 264 bytes
Marvellous/11 july/ObjectOrientedX.py : 399 bytes
Marvellous/11 july/ClassDemo1.py : 110 bytes
Marvellous/11 july/ExceptionDemo4.py : 594 bytes
Marvellous/Mumbai/File_Create_Append.py : 0 bytes
Marvellous/Mumbai/File_Create_Exp.py : 220 bytes
Marvellous/Mumbai/File_create_close.py : 0 bytes
Marvellous/Mumbai/File_Create_Write.py : 308 bytes
----------------------------------------
Total files scanned : 24
Total empty files found and deleted : 2
----------------------------------------
Log file gets created at : Wed Aug 12 13:57:13 2026
----------------------------------------
